[debug] [2026-04-16T06:50:11.806Z] ----------------------------------------------------------------------
[debug] [2026-04-16T06:50:11.810Z] Command:       C:\Program Files\nodejs\node.exe C:\Users\saros\AppData\Roaming\npm\node_modules\firebase-tools\lib\bin\firebase.js deploy
[debug] [2026-04-16T06:50:11.811Z] CLI Version:   15.9.1
[debug] [2026-04-16T06:50:11.811Z] Platform:      win32
[debug] [2026-04-16T06:50:11.811Z] Node Version:  v25.2.0
[debug] [2026-04-16T06:50:11.811Z] Time:          Thu Apr 16 2026 02:50:11 GMT-0400 (Eastern Daylight Time)
[debug] [2026-04-16T06:50:11.812Z] ----------------------------------------------------------------------
[debug] 
[debug] [2026-04-16T06:50:11.815Z] >>> [apiv2][query] GET https://firebase-public.firebaseio.com/cli.json [none]
[debug] [2026-04-16T06:50:15.956Z] > command requires scopes: ["email","openid","https://www.googleapis.com/auth/cloudplatformprojects.readonly","https://www.googleapis.com/auth/firebase","https://www.googleapis.com/auth/cloud-platform"]
[debug] [2026-04-16T06:50:15.957Z] > authorizing via signed-in user (sarosh.anis92@gmail.com)
[debug] [2026-04-16T06:50:15.957Z] [iam] checking project barrie-mosque for permissions ["firebase.projects.get","firebasehosting.sites.update"]
[debug] [2026-04-16T06:50:15.958Z] Checked if tokens are valid: false, expires at: 1773208406497
[debug] [2026-04-16T06:50:15.958Z] Checked if tokens are valid: false, expires at: 1773208406497
[debug] [2026-04-16T06:50:15.959Z] > refreshing access token with scopes: []
[debug] [2026-04-16T06:50:15.960Z] >>> [apiv2][query] POST https://www.googleapis.com/oauth2/v3/token [none]
[debug] [2026-04-16T06:50:15.960Z] >>> [apiv2][body] POST https://www.googleapis.com/oauth2/v3/token [omitted]
[debug] [2026-04-16T06:50:16.059Z] <<< [apiv2][status] GET https://firebase-public.firebaseio.com/cli.json 200
[debug] [2026-04-16T06:50:16.059Z] <<< [apiv2][body] GET https://firebase-public.firebaseio.com/cli.json {"cloudBuildErrorAfter":1594252800000,"cloudBuildWarnAfter":1590019200000,"defaultNode10After":1594252800000,"minVersion":"3.0.5","node8DeploysDisabledAfter":1613390400000,"node8RuntimeDisabledAfter":1615809600000,"node8WarnAfter":1600128000000}
[debug] [2026-04-16T06:50:16.098Z] <<< [apiv2][status] POST https://www.googleapis.com/oauth2/v3/token 200
[debug] [2026-04-16T06:50:16.098Z] <<< [apiv2][body] POST https://www.googleapis.com/oauth2/v3/token [omitted]
[debug] [2026-04-16T06:50:16.110Z] >>> [apiv2][query] POST https://cloudresourcemanager.googleapis.com/v1/projects/barrie-mosque:testIamPermissions [none]
[debug] [2026-04-16T06:50:16.110Z] >>> [apiv2][(partial)header] POST https://cloudresourcemanager.googleapis.com/v1/projects/barrie-mosque:testIamPermissions  x-goog-user-project=barrie-mosque
[debug] [2026-04-16T06:50:16.111Z] >>> [apiv2][body] POST https://cloudresourcemanager.googleapis.com/v1/projects/barrie-mosque:testIamPermissions {"permissions":["firebase.projects.get","firebasehosting.sites.update"]}
[debug] [2026-04-16T06:50:16.332Z] <<< [apiv2][status] POST https://cloudresourcemanager.googleapis.com/v1/projects/barrie-mosque:testIamPermissions 400
[debug] [2026-04-16T06:50:16.333Z] <<< [apiv2][body] POST https://cloudresourcemanager.googleapis.com/v1/projects/barrie-mosque:testIamPermissions {"error":{"code":400,"message":"Project 'projects/barrie-mosque' not found or deleted.","status":"INVALID_ARGUMENT","details":[{"@type":"type.googleapis.com/google.rpc.ErrorInfo","reason":"USER_PROJECT_DENIED","domain":"googleapis.com","metadata":{"service":"cloudresourcemanager.googleapis.com","consumer":"projects/barrie-mosque","containerInfo":"projects/barrie-mosque"}}]}}
[debug] [2026-04-16T06:50:16.335Z] [iam] error while checking permissions, command may fail: Request to https://cloudresourcemanager.googleapis.com/v1/projects/barrie-mosque:testIamPermissions had HTTP Error: 400, Project 'projects/barrie-mosque' not found or deleted.
[debug] [2026-04-16T06:50:16.336Z] Checked if tokens are valid: true, expires at: 1776325815098
[debug] [2026-04-16T06:50:16.336Z] Checked if tokens are valid: true, expires at: 1776325815098
[debug] [2026-04-16T06:50:16.337Z] >>> [apiv2][query] GET https://firebase.googleapis.com/v1beta1/projects/barrie-mosque [none]
[debug] [2026-04-16T06:50:16.755Z] <<< [apiv2][status] GET https://firebase.googleapis.com/v1beta1/projects/barrie-mosque 403
[debug] [2026-04-16T06:50:16.755Z] <<< [apiv2][body] GET https://firebase.googleapis.com/v1beta1/projects/barrie-mosque {"error":{"code":403,"message":"The caller does not have permission","status":"PERMISSION_DENIED"}}
[debug] [2026-04-16T06:50:16.755Z] Request to https://firebase.googleapis.com/v1beta1/projects/barrie-mosque had HTTP Error: 403, The caller does not have permission
[debug] [2026-04-16T06:50:16.842Z] FirebaseError: Request to https://firebase.googleapis.com/v1beta1/projects/barrie-mosque had HTTP Error: 403, The caller does not have permission
    at responseToError (C:\Users\saros\AppData\Roaming\npm\node_modules\firebase-tools\lib\responseToError.js:53:12)
    at RetryOperation._fn (C:\Users\saros\AppData\Roaming\npm\node_modules\firebase-tools\lib\apiv2.js:333:77)
    at process.processTicksAndRejections (node:internal/process/task_queues:103:5)
[error] 
[error] Error: Failed to get Firebase project barrie-mosque. Please make sure the project exists and your account has permission to access it.
